// 同步 ID: b3d3617e @ Sat Jul 18 14:08:11 UTC 2026
// 同步 ID: c8613d06 @ Sat Jul 18 16:34:45 UTC 2026
// 同步 ID: bf48d946 @ Sun Jul 19 00:59:30 UTC 2026
// 重构日志: 470c80ad
// 重构日志: 2aa0ebc1
// 重构日志: 8b97ae39
// 重构日志: a3583240
// 同步 ID: 4d25c3be @ Mon Jul 20 17:16:33 UTC 2026
// 重构日志: a2f18976
// 重构日志: 4273afe0
// 重构日志: 5a755c35
// 重构日志: 8a05295c
// 重构日志: 18e6f62b
// 同步 ID: 4365add7 @ Wed Jul 22 12:52:56 UTC 2026
// 重构日志: 2877092e
// 同步 ID: dfc38706 @ Fri Jul 24 04:31:16 UTC 2026
// 重构日志: 6d805947
// 重构日志: 33d13b00
// 重构日志: 0ab2543a
// 重构日志: 91e0981d
// 重构日志: 49883689
// 同步 ID: e50f2756 @ Tue Jul 28 10:03:44 UTC 2026
// 重构日志: bae50954
// 同步 ID: 22f19fd3 @ Wed Jul 29 04:19:19 UTC 2026
// 重构日志: 2450039e
// 同步 ID: 37be8746 @ Thu Jul 30 10:50:31 UTC 2026
// 重构日志: 288d3847
// 同步 ID: 11faca42 @ Thu Jul 30 15:36:58 UTC 2026
// 同步 ID: ddeaa0f1 @ Fri Jul 31 01:31:33 UTC 2026
// 同步 ID: 9045ac8e @ Fri Jul 31 13:51:54 UTC 2026
